---
source: tests/layouts.rs
expression: json
---
{
  "devices": [
    {
      "name": "sda",
      "maj_min": "8:0",
      "rm": false,
      "size": 480103981056,
      "ro": false,
      "device_type": "disk",
      "mountpoints": [],
      "children": [
        {
          "name": "sda1",
          "maj_min": "8:1",
          "rm": false,
          "size": 536870912,
          "ro": false,
          "device_type": "part",
          "mountpoints": [],
          "children": [
            {
              "name": "md0",
              "maj_min": "9:0",
              "rm": false,
              "size": 535822336,
              "ro": false,
              "device_type": "raid1",
              "mountpoints": [
                "/boot"
              ],
              "children": [],
              "uuid": null,
              "partuuid": null,
              "fstype": null,
              "label": null,
              "partlabel": null,
              "wwn": null,
              "serial": null,
              "model": null
            }
          ],
          "uuid": "a1b2c3d4-e5f6-7890-abcd-ef1234567890",
          "partuuid": "11111111-01",
          "fstype": "linux_raid_member",
          "label": null,
          "partlabel": null,
          "wwn": null,
          "serial": null,
          "model": null
        },
        {
          "name": "sda2",
          "maj_min": "8:2",
          "rm": false,
          "size": 8589934592,
          "ro": false,
          "device_type": "part",
          "mountpoints": [
            "[SWAP]"
          ],
          "children": [],
          "uuid": "5a5a5a5a-1111-2222-3333-444444444444",
          "partuuid": "11111111-02",
          "fstype": "swap",
          "label": null,
          "partlabel": null,
          "wwn": null,
          "serial": null,
          "model": null
        },
        {
          "name": "sda3",
          "maj_min": "8:3",
          "rm": false,
          "size": 470977175552,
          "ro": false,
          "device_type": "part",
          "mountpoints": [],
          "children": [
            {
              "name": "md1",
              "maj_min": "9:1",
              "rm": false,
              "size": 470909550592,
              "ro": false,
              "device_type": "raid1",
              "mountpoints": [
                "/"
              ],
              "children": [],
              "uuid": "0f0f0f0f-aaaa-bbbb-cccc-dddddddddddd",
              "partuuid": null,
              "fstype": "ext4",
              "label": "root fs",
              "partlabel": null,
              "wwn": null,
              "serial": null,
              "model": null
            }
          ],
          "uuid": null,
          "partuuid": null,
          "fstype": null,
          "label": null,
          "partlabel": null,
          "wwn": null,
          "serial": null,
          "model": null
        }
      ],
      "uuid": null,
      "partuuid": null,
      "fstype": null,
      "label": null,
      "partlabel": null,
      "wwn": "0x50014ee2b1a2c3d4",
      "serial": "WD-WCC1A1",
      "model": "WDC_WD5000AAKX"
    },
    {
      "name": "sdb",
      "maj_min": "8:16",
      "rm": false,
      "size": 480103981056,
      "ro": false,
      "device_type": "disk",
      "mountpoints": [],
      "children": [
        {
          "name": "sdb1",
          "maj_min": "8:17",
          "rm": false,
          "size": 536870912,
          "ro": false,
          "device_type": "part",
          "mountpoints": [],
          "children": [
            {
              "name": "md0",
              "maj_min": "9:0",
              "rm": false,
              "size": 535822336,
              "ro": false,
              "device_type": "raid1",
              "mountpoints": [
                "/boot"
              ],
              "children": [],
              "uuid": null,
              "partuuid": null,
              "fstype": null,
              "label": null,
              "partlabel": null,
              "wwn": null,
              "serial": null,
              "model": null
            }
          ],
          "uuid": null,
          "partuuid": null,
          "fstype": null,
          "label": null,
          "partlabel": null,
          "wwn": null,
          "serial": null,
          "model": null
        },
        {
          "name": "sdb2",
          "maj_min": "8:18",
          "rm": false,
          "size": 8589934592,
          "ro": false,
          "device_type": "part",
          "mountpoints": [
            "[SWAP]"
          ],
          "children": [],
          "uuid": null,
          "partuuid": null,
          "fstype": null,
          "label": null,
          "partlabel": null,
          "wwn": null,
          "serial": null,
          "model": null
        },
        {
          "name": "sdb3",
          "maj_min": "8:19",
          "rm": false,
          "size": 470977175552,
          "ro": false,
          "device_type": "part",
          "mountpoints": [],
          "children": [
            {
              "name": "md1",
              "maj_min": "9:1",
              "rm": false,
              "size": 470909550592,
              "ro": false,
              "device_type": "raid1",
              "mountpoints": [
                "/"
              ],
              "children": [],
              "uuid": "0f0f0f0f-aaaa-bbbb-cccc-dddddddddddd",
              "partuuid": null,
              "fstype": "ext4",
              "label": "root fs",
              "partlabel": null,
              "wwn": null,
              "serial": null,
              "model": null
            }
          ],
          "uuid": null,
          "partuuid": null,
          "fstype": null,
          "label": null,
          "partlabel": null,
          "wwn": null,
          "serial": null,
          "model": null
        }
      ],
      "uuid": null,
      "partuuid": null,
      "fstype": null,
      "label": null,
      "partlabel": null,
      "wwn": "0x50014ee2b1a2c3d5",
      "serial": "WD-WCC1A2",
      "model": "WDC_WD5000AAKX"
    },
    {
      "name": "nvme0n1",
      "maj_min": "259:0",
      "rm": false,
      "size": 1920383410176,
      "ro": false,
      "device_type": "disk",
      "mountpoints": [
        "/data"
      ],
      "children": [],
      "uuid": "deadbeef-0000-0000-0000-000000000000",
      "partuuid": null,
      "fstype": "xfs",
      "label": null,
      "partlabel": null,
      "wwn": null,
      "serial": "S4EVNX0N1",
      "model": "Samsung SSD 980"
    }
  ]
}
