---
source: tests/snapshots.rs
expression: summary(&parsed)
---
[
  "sda [disk] 8:0 size=1099511627776 rm=false ro=false mounts=[] system=true",
  "sda1 [part] 8:1 size=1099511627776 rm=false ro=false mounts=[] system=true",
  "luks-root [crypt] 253:0 size=1099511627776 rm=false ro=false mounts=[] system=true",
  "vg0-root [lvm] 253:1 size=107374182400 rm=false ro=false mounts=[\"/\"] system=true",
  "vg0-home [lvm] 253:2 size=966367641600 rm=false ro=false mounts=[\"/home\"] system=true"
]
