---
source: tests/snapshots.rs
expression: summary(&parsed)
---
[
  "nvme0n1 [disk] 259:0 size=8589934592 rm=false ro=false mounts=[] system=true",
  "nvme0n1p1 [part] 259:1 size=8588886016 rm=false ro=false mounts=[\"/\"] system=true",
  "nvme1n1 [disk] 259:2 size=1875385008128 rm=false ro=false mounts=[] system=false",
  "nvme2n1 [disk] 259:3 size=1875385008128 rm=false ro=false mounts=[] system=false"
]
